[24293.383906] mz0380 driver version 0.1.0 loaded
[24293.384017] 0000:04:00.0: dma_handshake: bus mastering enabled pre-firmware
[24293.384019] mz0380 device found at 0000:04:00.0, rev: 0, irq: 40, latency: 0
[24293.384020] 0000:04:00.0: probe mode: bus master initially disabled
[24293.384042] mz0380[0]: subsystem: 1cfa:0006, board: Elgato Game Capture HD60 Pro [card=1,autodetected]
[24293.384044] mz0380[0]: bar0 @ 0xfc200000 [0x100000 bytes], bar5 @ 0xfc300000 [0x1000 bytes]
[24293.385206] mz0380[0]: EVENT=0x00000800 during command 0x1 (cmd-done), acked
[24293.389830] mz0380[0]: CMD_INIT answered on attempt 1 after 6ms (status=0xdddddddd)
[24293.498629] mz0380[0]: board reports running firmware 1.11 (status=0xaaaaaaaa)
[24293.498635] mz0380[0]: card runs firmware 1.11 (no upload attempted)
[24293.498644] mz0380[0]: interrupt: legacy INTx, irq 40 (Windows uses INTx)
[24293.498667] mz0380[0]: IRQ 40 ready (INTx)
[24293.498819] mz0380[0]: stream buf[0] phys=0x0000000c2a800000 mapped at IOVA 0x100000000 (high32=0x00000001, low32=0)
[24293.498974] mz0380[0]: stream buf[1] phys=0x00000001c2000000 mapped at IOVA 0x200000000 (high32=0x00000002, low32=0)
[24293.499127] mz0380[0]: stream buf[2] phys=0x0000000c62800000 mapped at IOVA 0x300000000 (high32=0x00000003, low32=0)
[24293.499283] mz0380[0]: stream buf[3] phys=0x0000000c18800000 mapped at IOVA 0x400000000 (high32=0x00000004, low32=0)
[24293.500020] mz0380[0]: raw-bank probe bank0 buf[0] mapped at IOVA 0x900000000 (1126 pages)
[24293.500582] mz0380[0]: raw-bank probe bank0 buf[1] mapped at IOVA 0xa00000000 (1126 pages)
[24293.501087] mz0380[0]: raw-bank probe bank0 buf[2] mapped at IOVA 0xb00000000 (1126 pages)
[24293.501623] mz0380[0]: raw-bank probe bank0 buf[3] mapped at IOVA 0xc00000000 (1126 pages)
[24293.502105] mz0380[0]: raw-bank probe bank1 buf[0] mapped at IOVA 0xd00000000 (1126 pages)
[24293.502624] mz0380[0]: raw-bank probe bank1 buf[1] mapped at IOVA 0xe00000000 (1126 pages)
[24293.503113] mz0380[0]: raw-bank probe bank1 buf[2] mapped at IOVA 0xf00000000 (1126 pages)
[24293.503624] mz0380[0]: raw-bank probe bank1 buf[3] mapped at IOVA 0x1000000000 (1126 pages)
[24293.503626] mz0380[0]: M209 raw-only discriminator enabled: two independent four-buffer banks x 0x466000 bytes (op 0x02 + op 0x08, no op 0x04)
[24293.503627] mz0380[0]: 4 stream buffers x 4096 KiB (buf0 @ 0x0000000100000000)
[24293.503633] mz0380[0]: synced cached input from BAR5[0x0040][2:0] = 0 (HDMI) during probe
[24293.503636] mz0380[0]: synced cached quality from BAR5[0x0060] = 0 (raw=00000000) during probe
[24293.503639] mz0380[0]: BAR5 GOP field returned 0 (raw=00000000), outside the V4L2 range [1..300] - keeping the cached value; the register is unwritten, not zero during probe
[24293.503643] mz0380[0]: BAR5 bitrate field returned 0 (raw=00000000), outside the V4L2 range [262144..12582912] - keeping the cached value; the register is unwritten, not zero during probe
[24293.503646] mz0380[0]: synced cached B-frames from BAR5[0x0088] = 0 (raw=00000000) during probe
[24293.503649] mz0380[0]: synced cached QP step from BAR5[0x0084] = 0 (raw=00000000) during probe
[24293.503652] mz0380[0]: synced cached record mode from BAR5[0x0058] = 0 (VBR) during probe
[24293.503843] mz0380[0]: property 201 input-select request 0 (HDMI) via HD60 Pro bring- -> hardware write applied
[24293.503844] mz0380[0]: property 201 BAR5 write reg=0x0040 mask=0x00000007 shift=0 before=00000000 programmed=00000000 readback=00000000
[24293.878527] mz0380[0]: MST3367 silent after reset (dir_invert=0) - retrying with the opposite GPIO_DIR sense
[24294.147647] mz0380[0]: MST3367 answering with dir_invert=1 - GPIO direction polarity now known
[24294.342143] mz0380[0]: RxVideoInit: 0xae |= 0x04 -> reads back 04
[24295.175990] mz0380[0]: HPD deasserted -> pin1 reads 1, BANK0[0xb7]=0x02
[24295.558627] mz0380[0]: EDID read-back failed (ret=0, first bytes a0 00 20 00) - nothing is holding the EDID at 0xa0
[24295.564123] mz0380[0]: EDID pushed (256 bytes, opcode 0x1f, wait 100ms) - the source is the oracle: a camera switches to HDMI out once it can read one
[24295.701962] mz0380[0]: HPD asserted -> pin1 reads 0, BANK0[0xb7]=0x00
[24295.701967] mz0380[0]: MST3367 receiver brought up (reset released, init applied)
[24295.702051] mz0380[0]: registered video0 (H.264 capture, streaming=armed)
[24302.457512] mz0380[0]: MST3367 source stopped during the trailing reads (R55 5f -> c7) but the sample is self-consistent - keeping it
[24302.563986] mz0380[0]: MST3367 signal: 1920x1080p [host units] (htot=2200 vtot=1120 hper=674 vper=602 hact=1922 R55=0x5f) [source stopped mid-pass]
[24302.566027] mz0380 0000:04:00.0: live input 1920x1080p@60 -> encoder output 1920x1080@60
[24302.566036] mz0380[0]: stream start: pre-STOP(op 0x07, all channels) ret=0, settling 1900 ms
[24304.522626] mz0380[0]: raw-bank probe op 0x02 bank0 buf[0] target=0x0000000900000000 -> slot {00000009, 00000000}
[24304.522793] mz0380[0]: raw-bank probe op 0x02 bank0 buf[1] target=0x0000000a00000000 -> slot {0000000a, 00000000}
[24304.522959] mz0380[0]: raw-bank probe op 0x02 bank0 buf[2] target=0x0000000b00000000 -> slot {0000000b, 00000000}
[24304.523123] mz0380[0]: raw-bank probe op 0x02 bank0 buf[3] target=0x0000000c00000000 -> slot {0000000c, 00000000}
[24304.529312] mz0380[0]: raw-bank probe registered bank0 with op 0x02, four independent 0x466000-byte buffers, poison=0xa5 ret=0
[24304.529492] mz0380[0]: raw-bank probe op 0x08 bank1 buf[0] target=0x0000000d00000000 -> slot {0000000d, 00000000}
[24304.529656] mz0380[0]: raw-bank probe op 0x08 bank1 buf[1] target=0x0000000e00000000 -> slot {0000000e, 00000000}
[24304.529821] mz0380[0]: raw-bank probe op 0x08 bank1 buf[2] target=0x0000000f00000000 -> slot {0000000f, 00000000}
[24304.529990] mz0380[0]: raw-bank probe op 0x08 bank1 buf[3] target=0x0000001000000000 -> slot {00000010, 00000000}
[24304.535969] mz0380[0]: raw-bank probe registered bank1 with op 0x08, four independent 0x466000-byte buffers, poison=0x5a ret=0
[24305.140335] mz0380[0]: stream start: SET_VIC(input=1920x1080p@60 fw=7 in_fmt=6 out_fmt=0 vic_in=1920x1080 fk=0 int_mode=0 -> M209 raw-only output=1920x1080, bitstreams=1) ret=0
[24305.140509] mz0380[0]: raw-bank probe op 0x02 bank0 buf[0] target=0x0000000900000000 -> slot {00000009, 00000000}
[24305.140674] mz0380[0]: raw-bank probe op 0x02 bank0 buf[1] target=0x0000000a00000000 -> slot {0000000a, 00000000}
[24305.140837] mz0380[0]: raw-bank probe op 0x02 bank0 buf[2] target=0x0000000b00000000 -> slot {0000000b, 00000000}
[24305.141001] mz0380[0]: raw-bank probe op 0x02 bank0 buf[3] target=0x0000000c00000000 -> slot {0000000c, 00000000}
[24305.146957] mz0380[0]: raw-bank probe registered bank0 with op 0x02, four independent 0x466000-byte buffers, poison=0xa5 ret=0
[24305.147122] mz0380[0]: raw-bank probe op 0x08 bank1 buf[0] target=0x0000000d00000000 -> slot {0000000d, 00000000}
[24305.147285] mz0380[0]: raw-bank probe op 0x08 bank1 buf[1] target=0x0000000e00000000 -> slot {0000000e, 00000000}
[24305.147477] mz0380[0]: raw-bank probe op 0x08 bank1 buf[2] target=0x0000000f00000000 -> slot {0000000f, 00000000}
[24305.147642] mz0380[0]: raw-bank probe op 0x08 bank1 buf[3] target=0x0000001000000000 -> slot {00000010, 00000000}
[24305.153841] mz0380[0]: raw-bank probe registered bank1 with op 0x08, four independent 0x466000-byte buffers, poison=0x5a ret=0
[24305.153844] mz0380[0]: raw-only op02/op08 banks (no op04) re-registered after SET_VIC spawn
[24305.153845] mz0380[0]: M209 SET_BUF topology provides eight independent raw buffers: token%8 0..3 -> op02 bank, 4..7 -> op08 bank; op04 is disabled
[24305.159803] mz0380[0]: stream start: SET_AIC(on=1, 2 ch, 16 bit, 48000 Hz, 256 frames x 4 periods) ret=0
[24305.317328] mz0380[0]: output stage [before START]: R55=7f LOCKED | B0: ab=15 ad=05 ae=20 b0=21 b1=c0 b2=00 b3=00 b4=54 b5=0c b7=00 51=89 | B2: 01=61 02=f5 07=04
[24305.317335] mz0380[0]: link [before START]: B1 01=8c 34=40 -> HDMI, HDCP absent | B2 0b=5a 0c=00 0e=90 48=d2, input colorspace YUV444
[24305.323466] mz0380[0]: MST3367 CSC 0x92 = 0x00 (auto, input colorspace YUV444 from 0x48=d2, cached)
[24305.323477] mz0380[0]: stream start: frame-token sentinel a5a5a5a5 seeded into BAR0 40/44/48/4c; readback a5a5a5a5/a5a5a5a5/a5a5a5a5/a5a5a5a5
[24305.323484] mz0380[0]: stream start: START_STREAMING(op 0x06) fired (async, ret=0)
[24749.288251] [UFW BLOCK] IN=enp7s0 OUT= MAC=01:00:5e:00:00:fc:9c:97:1b:64:de:e9:08:00 SRC=192.168.88.218 DST=224.0.0.252 LEN=54 TOS=0x00 PREC=0x00 TTL=1 ID=3646 PROTO=UDP SPT=53401 DPT=5355 LEN=34 
[24749.366133] [UFW BLOCK] IN=wlan0 OUT= MAC=01:00:5e:00:00:fc:9c:97:1b:64:de:e9:08:00 SRC=192.168.88.218 DST=224.0.0.252 LEN=54 TOS=0x00 PREC=0x00 TTL=1 ID=3646 PROTO=UDP SPT=53401 DPT=5355 LEN=34 
[24749.708805] [UFW BLOCK] IN=enp7s0 OUT= MAC=01:00:5e:00:00:fc:9c:97:1b:64:de:e9:08:00 SRC=192.168.88.218 DST=224.0.0.252 LEN=54 TOS=0x00 PREC=0x00 TTL=1 ID=3647 PROTO=UDP SPT=53401 DPT=5355 LEN=34 
[24749.775753] [UFW BLOCK] IN=wlan0 OUT= MAC=01:00:5e:00:00:fc:9c:97:1b:64:de:e9:08:00 SRC=192.168.88.218 DST=224.0.0.252 LEN=54 TOS=0x00 PREC=0x00 TTL=1 ID=3647 PROTO=UDP SPT=53401 DPT=5355 LEN=34 
[25116.035123] mz0380[0]: final pipeline stop: STOP_STREAMING(all channels) ret=0 after 1 userspace attachment(s) and 1 SET_VIC spawn(s)
[25116.035138] mz0380[0]: stream stop: EVENT[0x30]=00000000 token[0x40]=a5a5a5a5 0x44=a5a5a5a5 0x48=a5a5a5a5 0x4c=a5a5a5a5 enc[0x50]=00000000 irq_total=8 frame_events=0 fifo_drops=0
[25116.190372] mz0380[0]: output stage [at stop]: R55=7f LOCKED | B0: ab=15 ad=05 ae=20 b0=21 b1=c0 b2=00 b3=00 b4=54 b5=0c b7=00 51=89 | B2: 01=61 02=f5 07=04
[25116.190378] mz0380[0]: link [at stop]: B1 01=8c 34=40 -> HDMI, HDCP absent | B2 0b=5a 0c=00 0e=10 48=d2, input colorspace YUV444
[25116.190392] mz0380[0]: stop buf[0] @0x0000000100000000 head=00 00 00 00 00 00 00 00 00 00 00 00 00 00 00 00 | 1024/1024 sampled pages touched, last @0x3ff000 | 0 frame(s) delivered from it
[25116.190407] mz0380[0]: stop buf[1] @0x0000000200000000 head=00 00 00 00 00 00 00 00 00 00 00 00 00 00 00 00 | 1024/1024 sampled pages touched, last @0x3ff000 | 0 frame(s) delivered from it
[25116.190420] mz0380[0]: stop buf[2] @0x0000000300000000 head=00 00 00 00 00 00 00 00 00 00 00 00 00 00 00 00 | 1024/1024 sampled pages touched, last @0x3ff000 | 0 frame(s) delivered from it
[25116.190433] mz0380[0]: stop buf[3] @0x0000000400000000 head=00 00 00 00 00 00 00 00 00 00 00 00 00 00 00 00 | 1024/1024 sampled pages touched, last @0x3ff000 | 0 frame(s) delivered from it
[25116.191218] mz0380[0]: stop raw bank0 op0x02 buf[0] @0x0000000900000000 extent=0x0 (0 bytes), 0/1126 sampled pages touched, poison=0xa5, completions=0 delivered=0 last_completion_extent=0x0, head=a5 a5 a5 a5 a5 a5 a5 a5 a5 a5 a5 a5 a5 a5 a5 a5
[25116.192070] mz0380[0]: stop raw bank0 op0x02 buf[1] @0x0000000a00000000 extent=0x0 (0 bytes), 0/1126 sampled pages touched, poison=0xa5, completions=0 delivered=0 last_completion_extent=0x0, head=a5 a5 a5 a5 a5 a5 a5 a5 a5 a5 a5 a5 a5 a5 a5 a5
[25116.192851] mz0380[0]: stop raw bank0 op0x02 buf[2] @0x0000000b00000000 extent=0x0 (0 bytes), 0/1126 sampled pages touched, poison=0xa5, completions=0 delivered=0 last_completion_extent=0x0, head=a5 a5 a5 a5 a5 a5 a5 a5 a5 a5 a5 a5 a5 a5 a5 a5
[25116.193598] mz0380[0]: stop raw bank0 op0x02 buf[3] @0x0000000c00000000 extent=0x0 (0 bytes), 0/1126 sampled pages touched, poison=0xa5, completions=0 delivered=0 last_completion_extent=0x0, head=a5 a5 a5 a5 a5 a5 a5 a5 a5 a5 a5 a5 a5 a5 a5 a5
[25116.194341] mz0380[0]: stop raw bank1 op0x08 buf[0] @0x0000000d00000000 extent=0x0 (0 bytes), 0/1126 sampled pages touched, poison=0x5a, completions=0 delivered=0 last_completion_extent=0x0, head=5a 5a 5a 5a 5a 5a 5a 5a 5a 5a 5a 5a 5a 5a 5a 5a
[25116.195079] mz0380[0]: stop raw bank1 op0x08 buf[1] @0x0000000e00000000 extent=0x0 (0 bytes), 0/1126 sampled pages touched, poison=0x5a, completions=0 delivered=0 last_completion_extent=0x0, head=5a 5a 5a 5a 5a 5a 5a 5a 5a 5a 5a 5a 5a 5a 5a 5a
[25116.195821] mz0380[0]: stop raw bank1 op0x08 buf[2] @0x0000000f00000000 extent=0x0 (0 bytes), 0/1126 sampled pages touched, poison=0x5a, completions=0 delivered=0 last_completion_extent=0x0, head=5a 5a 5a 5a 5a 5a 5a 5a 5a 5a 5a 5a 5a 5a 5a 5a
[25116.196568] mz0380[0]: stop raw bank1 op0x08 buf[3] @0x0000001000000000 extent=0x0 (0 bytes), 0/1126 sampled pages touched, poison=0x5a, completions=0 delivered=0 last_completion_extent=0x0, head=5a 5a 5a 5a 5a 5a 5a 5a 5a 5a 5a 5a 5a 5a 5a 5a
[25116.196573] mz0380[0]: M209 raw V4L2 totals: events=0 exact_frames=0 bad_extents=0 consecutive_exact=0 slots_seen=0x00
[25117.883681] mz0380[0]: stream stop: EVENT[0x30]=00000000 token[0x40]=a5a5a5a5 0x44=a5a5a5a5 0x48=a5a5a5a5 0x4c=a5a5a5a5 enc[0x50]=00000000 irq_total=8 frame_events=0 fifo_drops=0
[25118.039883] mz0380[0]: output stage [at stop]: R55=7f LOCKED | B0: ab=15 ad=05 ae=20 b0=21 b1=c0 b2=00 b3=00 b4=54 b5=0c b7=00 51=89 | B2: 01=61 02=f5 07=04
[25118.039890] mz0380[0]: link [at stop]: B1 01=8c 34=40 -> HDMI, HDCP absent | B2 0b=5a 0c=00 0e=10 48=d2, input colorspace YUV444
[25118.039902] mz0380[0]: stop buf[0] @0x0000000100000000 head=00 00 00 00 00 00 00 00 00 00 00 00 00 00 00 00 | 1024/1024 sampled pages touched, last @0x3ff000 | 0 frame(s) delivered from it
[25118.039916] mz0380[0]: stop buf[1] @0x0000000200000000 head=00 00 00 00 00 00 00 00 00 00 00 00 00 00 00 00 | 1024/1024 sampled pages touched, last @0x3ff000 | 0 frame(s) delivered from it
[25118.039928] mz0380[0]: stop buf[2] @0x0000000300000000 head=00 00 00 00 00 00 00 00 00 00 00 00 00 00 00 00 | 1024/1024 sampled pages touched, last @0x3ff000 | 0 frame(s) delivered from it
[25118.039939] mz0380[0]: stop buf[3] @0x0000000400000000 head=00 00 00 00 00 00 00 00 00 00 00 00 00 00 00 00 | 1024/1024 sampled pages touched, last @0x3ff000 | 0 frame(s) delivered from it
[25118.040948] mz0380[0]: stop raw bank0 op0x02 buf[0] @0x0000000900000000 extent=0x0 (0 bytes), 0/1126 sampled pages touched, poison=0xa5, completions=0 delivered=0 last_completion_extent=0x0, head=a5 a5 a5 a5 a5 a5 a5 a5 a5 a5 a5 a5 a5 a5 a5 a5
[25118.041974] mz0380[0]: stop raw bank0 op0x02 buf[1] @0x0000000a00000000 extent=0x0 (0 bytes), 0/1126 sampled pages touched, poison=0xa5, completions=0 delivered=0 last_completion_extent=0x0, head=a5 a5 a5 a5 a5 a5 a5 a5 a5 a5 a5 a5 a5 a5 a5 a5
[25118.042848] mz0380[0]: stop raw bank0 op0x02 buf[2] @0x0000000b00000000 extent=0x0 (0 bytes), 0/1126 sampled pages touched, poison=0xa5, completions=0 delivered=0 last_completion_extent=0x0, head=a5 a5 a5 a5 a5 a5 a5 a5 a5 a5 a5 a5 a5 a5 a5 a5
[25118.043597] mz0380[0]: stop raw bank0 op0x02 buf[3] @0x0000000c00000000 extent=0x0 (0 bytes), 0/1126 sampled pages touched, poison=0xa5, completions=0 delivered=0 last_completion_extent=0x0, head=a5 a5 a5 a5 a5 a5 a5 a5 a5 a5 a5 a5 a5 a5 a5 a5
[25118.044342] mz0380[0]: stop raw bank1 op0x08 buf[0] @0x0000000d00000000 extent=0x0 (0 bytes), 0/1126 sampled pages touched, poison=0x5a, completions=0 delivered=0 last_completion_extent=0x0, head=5a 5a 5a 5a 5a 5a 5a 5a 5a 5a 5a 5a 5a 5a 5a 5a
[25118.045093] mz0380[0]: stop raw bank1 op0x08 buf[1] @0x0000000e00000000 extent=0x0 (0 bytes), 0/1126 sampled pages touched, poison=0x5a, completions=0 delivered=0 last_completion_extent=0x0, head=5a 5a 5a 5a 5a 5a 5a 5a 5a 5a 5a 5a 5a 5a 5a 5a
[25118.045934] mz0380[0]: stop raw bank1 op0x08 buf[2] @0x0000000f00000000 extent=0x0 (0 bytes), 0/1126 sampled pages touched, poison=0x5a, completions=0 delivered=0 last_completion_extent=0x0, head=5a 5a 5a 5a 5a 5a 5a 5a 5a 5a 5a 5a 5a 5a 5a 5a
[25118.046690] mz0380[0]: stop raw bank1 op0x08 buf[3] @0x0000001000000000 extent=0x0 (0 bytes), 0/1126 sampled pages touched, poison=0x5a, completions=0 delivered=0 last_completion_extent=0x0, head=5a 5a 5a 5a 5a 5a 5a 5a 5a 5a 5a 5a 5a 5a 5a 5a
[25118.046695] mz0380[0]: M209 raw V4L2 totals: events=0 exact_frames=0 bad_extents=0 consecutive_exact=0 slots_seen=0x00
[25118.047692] mz0380 driver unloaded
