[47604.021918] mz0380 driver version 0.1.0 loaded
[47604.022036] 0000:04:00.0: dma_handshake: bus mastering enabled pre-firmware
[47604.022038] mz0380 device found at 0000:04:00.0, rev: 0, irq: 40, latency: 0
[47604.022039] 0000:04:00.0: probe mode: bus master initially disabled
[47604.022065] mz0380[0]: subsystem: 1cfa:0006, board: Elgato Game Capture HD60 Pro [card=1,autodetected]
[47604.022068] mz0380[0]: bar0 @ 0xfc200000 [0x100000 bytes], bar5 @ 0xfc300000 [0x1000 bytes]
[47604.023237] mz0380[0]: EVENT=0x00000800 during command 0x1 (cmd-done), acked
[47604.028241] mz0380[0]: CMD_INIT answered on attempt 1 after 7ms (status=0xdddddddd)
[47604.138247] mz0380[0]: board reports running firmware 1.11 (status=0xaaaaaaaa)
[47604.138253] mz0380[0]: card runs firmware 1.11 (no upload attempted)
[47604.138262] mz0380[0]: interrupt: legacy INTx, irq 40 (Windows uses INTx)
[47604.138285] mz0380[0]: IRQ 40 ready (INTx)
[47604.138469] mz0380[0]: stream buf[0] phys=0x00000009ea400000 mapped at IOVA 0x100000000 (high32=0x00000001, low32=0)
[47604.138640] mz0380[0]: stream buf[1] phys=0x0000000195c00000 mapped at IOVA 0x200000000 (high32=0x00000002, low32=0)
[47604.138812] mz0380[0]: stream buf[2] phys=0x00000003f3c00000 mapped at IOVA 0x300000000 (high32=0x00000003, low32=0)
[47604.138978] mz0380[0]: stream buf[3] phys=0x00000007ae000000 mapped at IOVA 0x400000000 (high32=0x00000004, low32=0)
[47604.139065] mz0380[0]: H.264 probe buf[0] phys=0x0000000150500000 mapped at IOVA 0x500000000
[47604.139147] mz0380[0]: H.264 probe buf[1] phys=0x000000064e400000 mapped at IOVA 0x600000000
[47604.139244] mz0380[0]: H.264 probe buf[2] phys=0x000000065f000000 mapped at IOVA 0x700000000
[47604.139329] mz0380[0]: H.264 probe buf[3] phys=0x0000000ea2e00000 mapped at IOVA 0x800000000
[47604.139330] mz0380[0]: H.264 diagnostic enabled: 4 window1 buffers x 1024 KiB
[47604.139960] mz0380[0]: raw-bank probe bank0 buf[0] mapped at IOVA 0x900000000 (1126 pages)
[47604.140661] mz0380[0]: raw-bank probe bank0 buf[1] mapped at IOVA 0xa00000000 (1126 pages)
[47604.141613] mz0380[0]: raw-bank probe bank0 buf[2] mapped at IOVA 0xb00000000 (1126 pages)
[47604.142378] mz0380[0]: raw-bank probe bank0 buf[3] mapped at IOVA 0xc00000000 (1126 pages)
[47604.143192] mz0380[0]: raw-bank probe bank1 buf[0] mapped at IOVA 0xd00000000 (1126 pages)
[47604.143958] mz0380[0]: raw-bank probe bank1 buf[1] mapped at IOVA 0xe00000000 (1126 pages)
[47604.144886] mz0380[0]: raw-bank probe bank1 buf[2] mapped at IOVA 0xf00000000 (1126 pages)
[47604.145692] mz0380[0]: raw-bank probe bank1 buf[3] mapped at IOVA 0x1000000000 (1126 pages)
[47604.145695] mz0380[0]: M211 raw-bank observation enabled: two independent four-buffer banks x 0x466000 bytes (op 0x02 + op 0x08), alongside the live op 0x04 encoded window
[47604.145697] mz0380[0]: 4 stream buffers x 4096 KiB (buf0 @ 0x0000000100000000)
[47604.145704] mz0380[0]: synced cached input from BAR5[0x0040][2:0] = 0 (HDMI) during probe
[47604.145708] mz0380[0]: synced cached quality from BAR5[0x0060] = 0 (raw=00000000) during probe
[47604.145711] mz0380[0]: BAR5 GOP field returned 0 (raw=00000000), outside the V4L2 range [1..300] - keeping the cached value; the register is unwritten, not zero during probe
[47604.145715] mz0380[0]: BAR5 bitrate field returned 0 (raw=00000000), outside the V4L2 range [262144..12582912] - keeping the cached value; the register is unwritten, not zero during probe
[47604.145718] mz0380[0]: synced cached B-frames from BAR5[0x0088] = 0 (raw=00000000) during probe
[47604.145721] mz0380[0]: synced cached QP step from BAR5[0x0084] = 0 (raw=00000000) during probe
[47604.145724] mz0380[0]: synced cached record mode from BAR5[0x0058] = 1 (CBR) during probe
[47604.145917] mz0380[0]: property 201 input-select request 0 (HDMI) via HD60 Pro bring- -> hardware write applied
[47604.145919] mz0380[0]: property 201 BAR5 write reg=0x0040 mask=0x00000007 shift=0 before=00000000 programmed=00000000 readback=00000000
[47604.525077] mz0380[0]: MST3367 silent after reset (dir_invert=0) - retrying with the opposite GPIO_DIR sense
[47604.797104] mz0380[0]: MST3367 answering with dir_invert=1 - GPIO direction polarity now known
[47604.995758] mz0380[0]: RxVideoInit: 0xae |= 0x04 -> reads back 04
[47605.839240] mz0380[0]: HPD deasserted -> pin1 reads 1, BANK0[0xb7]=0x02
[47606.230241] mz0380[0]: EDID read-back failed (ret=0, first bytes a0 00 20 00) - nothing is holding the EDID at 0xa0
[47606.236231] mz0380[0]: EDID pushed (256 bytes, opcode 0x1f, wait 100ms) - the source is the oracle: a camera switches to HDMI out once it can read one
[47606.374228] mz0380[0]: HPD asserted -> pin1 reads 0, BANK0[0xb7]=0x00
[47606.374234] mz0380[0]: MST3367 receiver brought up (reset released, init applied)
[47606.374352] mz0380[0]: registered video0 (H.264 capture, streaming=armed)
[47606.813224] mz0380[0]: MST3367 signal: 1920x1080p [host units] (htot=2200 vtot=1125 hper=337 vper=299 hact=1920 R55=0x7f)
[47606.825734] mz0380 0000:04:00.0: live input 1920x1080p@30 -> encoder output 1920x1080@30
[47606.825748] mz0380[0]: stream start: pre-STOP(op 0x07, all channels) ret=0, settling 1900 ms
[47608.770386] mz0380[0]: raw-bank probe op 0x02 bank0 buf[0] target=0x0000000900000000 -> slot {00000009, 00000000}
[47608.770560] mz0380[0]: raw-bank probe op 0x02 bank0 buf[1] target=0x0000000a00000000 -> slot {0000000a, 00000000}
[47608.770728] mz0380[0]: raw-bank probe op 0x02 bank0 buf[2] target=0x0000000b00000000 -> slot {0000000b, 00000000}
[47608.770909] mz0380[0]: raw-bank probe op 0x02 bank0 buf[3] target=0x0000000c00000000 -> slot {0000000c, 00000000}
[47608.776986] mz0380[0]: raw-bank probe registered bank0 with op 0x02, four independent 0x466000-byte buffers, poison=0xa5 ret=0
[47608.777191] mz0380[0]: raw-bank probe op 0x08 bank1 buf[0] target=0x0000000d00000000 -> slot {0000000d, 00000000}
[47608.777377] mz0380[0]: raw-bank probe op 0x08 bank1 buf[1] target=0x0000000e00000000 -> slot {0000000e, 00000000}
[47608.777556] mz0380[0]: raw-bank probe op 0x08 bank1 buf[2] target=0x0000000f00000000 -> slot {0000000f, 00000000}
[47608.777741] mz0380[0]: raw-bank probe op 0x08 bank1 buf[3] target=0x0000001000000000 -> slot {00000010, 00000000}
[47608.783680] mz0380[0]: raw-bank probe registered bank1 with op 0x08, four independent 0x466000-byte buffers, poison=0x5a ret=0
[47608.783722] mz0380[0]: H.264 SET_BUF_4[0] target=0x0000000500000000 -> slot {00000005, 00000000}
[47608.783765] mz0380[0]: H.264 SET_BUF_4[1] target=0x0000000600000000 -> slot {00000006, 00000000}
[47608.783808] mz0380[0]: H.264 SET_BUF_4[2] target=0x0000000700000000 -> slot {00000007, 00000000}
[47608.783849] mz0380[0]: H.264 SET_BUF_4[3] target=0x0000000800000000 -> slot {00000008, 00000000}
[47608.790048] mz0380[0]: H.264 probe registered dedicated window1 ring (op 0x04, size=0x97f00) ret=0
[47609.394670] mz0380[0]: stream start: SET_VIC(input=1920x1080p@30 fw=7 in_fmt=6 out_fmt=0 vic_in=1920x1080 fk=0 int_mode=0 -> H.264 output=1920x1080, bitstreams=1) ret=0
[47609.394859] mz0380[0]: raw-bank probe op 0x02 bank0 buf[0] target=0x0000000900000000 -> slot {00000009, 00000000}
[47609.395088] mz0380[0]: raw-bank probe op 0x02 bank0 buf[1] target=0x0000000a00000000 -> slot {0000000a, 00000000}
[47609.395286] mz0380[0]: raw-bank probe op 0x02 bank0 buf[2] target=0x0000000b00000000 -> slot {0000000b, 00000000}
[47609.395467] mz0380[0]: raw-bank probe op 0x02 bank0 buf[3] target=0x0000000c00000000 -> slot {0000000c, 00000000}
[47609.401671] mz0380[0]: raw-bank probe registered bank0 with op 0x02, four independent 0x466000-byte buffers, poison=0xa5 ret=0
[47609.401845] mz0380[0]: raw-bank probe op 0x08 bank1 buf[0] target=0x0000000d00000000 -> slot {0000000d, 00000000}
[47609.402011] mz0380[0]: raw-bank probe op 0x08 bank1 buf[1] target=0x0000000e00000000 -> slot {0000000e, 00000000}
[47609.402199] mz0380[0]: raw-bank probe op 0x08 bank1 buf[2] target=0x0000000f00000000 -> slot {0000000f, 00000000}
[47609.402367] mz0380[0]: raw-bank probe op 0x08 bank1 buf[3] target=0x0000001000000000 -> slot {00000010, 00000000}
[47609.408570] mz0380[0]: raw-bank probe registered bank1 with op 0x08, four independent 0x466000-byte buffers, poison=0x5a ret=0
[47609.408611] mz0380[0]: H.264 SET_BUF_4[0] target=0x0000000500000000 -> slot {00000005, 00000000}
[47609.408653] mz0380[0]: H.264 SET_BUF_4[1] target=0x0000000600000000 -> slot {00000006, 00000000}
[47609.408694] mz0380[0]: H.264 SET_BUF_4[2] target=0x0000000700000000 -> slot {00000007, 00000000}
[47609.408738] mz0380[0]: H.264 SET_BUF_4[3] target=0x0000000800000000 -> slot {00000008, 00000000}
[47609.414683] mz0380[0]: H.264 probe registered dedicated window1 ring (op 0x04, size=0x97f00) ret=0
[47609.414686] mz0380[0]: op02/op08 raw banks and the op04 encoded window re-registered after SET_VIC spawn
[47609.414689] mz0380[0]: SET_BUF(op 0x02) provides four collision-free buffers (tokens 0..3); 3-bit tokens 4..7 are rejected and acknowledged until a second four-buffer allocation is wired to SET_BUF_8
[47609.415341] mz0380[0]: real-frame buffers primed with 0xaa poison; the payload size will be inferred from the bounded changed prefix because firmware does not expose its byte count
[47609.421536] mz0380[0]: stream start: SET_AIC(on=1, 2 ch, 16 bit, 48000 Hz, 256 frames x 4 periods) ret=0
[47609.577689] mz0380[0]: output stage [before START]: R55=ff LOCKED | B0: ab=15 ad=05 ae=20 b0=21 b1=c0 b2=00 b3=00 b4=54 b5=0c b7=00 51=89 | B2: 01=61 02=f5 07=04
[47609.577697] mz0380[0]: link [before START]: B1 01=8c 34=40 -> HDMI, HDCP absent | B2 0b=5a 0c=00 0e=90 48=d2, input colorspace YUV444
[47609.583508] mz0380[0]: MST3367 CSC 0x92 = 0x00 (auto, input colorspace YUV444 from 0x48=d2, cached)
[47609.591670] mz0380[0]: stream start: SET_ENC_PARAMS(op 0x2d, mask=0x3fff, main ch0, fps=30, gop=32, quality=24, bitrate=4194304, skip=0, avg=0, tinyvenc7 schedule=all-frame bitmap) ret=0
[47609.597672] mz0380[0]: stream start: SET_ENC_PARAMS(op 0x2d, mask=0x3fff, sub ch0, fps=30, gop=30, quality=24, bitrate=4000000, skip=0, avg=0, tinyvenc7 schedule=all-frame bitmap) ret=0
[47609.603670] mz0380[0]: stream start: SET_PREVIEW_PARAMS(op 0x31, mask=0x00, fps=30, die_en=1, fake_frame_off=1) ret=0
[47609.603683] mz0380[0]: stream start: frame-token sentinel a5a5a5a5 seeded into BAR0 40/44/48/4c; readback a5a5a5a5/a5a5a5a5/a5a5a5a5/a5a5a5a5
[47609.603692] mz0380[0]: stream start: START_STREAMING(op 0x06) fired (async, ret=0)
[47609.823458] mz0380 0000:04:00.0: clean H.264 IDR received; encoded delivery is synchronized (access unit includes SPS/PPS)
[47610.803596] mz0380 0000:04:00.0: VB2 detached; persistent H.264 pipeline, DMA mappings and completion ACK path remain active (no STOP, no SET_VIC budget spent)
[47612.937118] mz0380[0]: final pipeline stop: STOP_STREAMING(all channels) ret=0 after 1 userspace attachment(s) and 1 SET_VIC spawn(s)
[47612.937134] mz0380[0]: stream stop: EVENT[0x30]=00000000 token[0x40]=a5a5a5a0 0x44=a5a5a5a0 0x48=ffffffff 0x4c=a5a5a5a5 enc[0x50]=00000000 irq_total=195 frame_events=181 fifo_drops=0
[47613.093133] mz0380[0]: output stage [at stop]: R55=7f LOCKED | B0: ab=15 ad=05 ae=20 b0=21 b1=c0 b2=00 b3=00 b4=54 b5=0c b7=00 51=89 | B2: 01=61 02=f5 07=04
[47613.093140] mz0380[0]: link [at stop]: B1 01=8c 34=40 -> HDMI, HDCP absent | B2 0b=5a 0c=00 0e=10 48=d2, input colorspace YUV444
[47613.093154] mz0380[0]: stop buf[0] @0x0000000100000000 head=aa aa aa aa aa aa aa aa aa aa aa aa aa aa aa aa | 0/1024 sampled pages touched, last @0x0 | 0 frame(s) delivered from it
[47613.093168] mz0380[0]: stop buf[1] @0x0000000200000000 head=aa aa aa aa aa aa aa aa aa aa aa aa aa aa aa aa | 0/1024 sampled pages touched, last @0x0 | 0 frame(s) delivered from it
[47613.093182] mz0380[0]: stop buf[2] @0x0000000300000000 head=aa aa aa aa aa aa aa aa aa aa aa aa aa aa aa aa | 0/1024 sampled pages touched, last @0x0 | 0 frame(s) delivered from it
[47613.093196] mz0380[0]: stop buf[3] @0x0000000400000000 head=aa aa aa aa aa aa aa aa aa aa aa aa aa aa aa aa | 0/1024 sampled pages touched, last @0x0 | 0 frame(s) delivered from it
[47613.093905] mz0380[0]: stop raw bank0 op0x02 buf[0] @0x0000000900000000 extent=0x10 (16 bytes), 1/1126 sampled pages touched, poison=0xa5, completions=0 delivered=0 last_completion_extent=0x0, head=5d 5d 5b 5a 5a 5a 5b 5d 5c 5c 5d 5e 5d 5d 5d 5c
[47613.094728] mz0380[0]: stop raw bank0 op0x02 buf[1] @0x0000000a00000000 extent=0x10 (16 bytes), 1/1126 sampled pages touched, poison=0xa5, completions=0 delivered=0 last_completion_extent=0x0, head=5c 5c 5c 59 5a 5c 5b 5c 5b 5c 5d 5d 5d 5d 5d 5d
[47613.095651] mz0380[0]: stop raw bank0 op0x02 buf[2] @0x0000000b00000000 extent=0x10 (16 bytes), 1/1126 sampled pages touched, poison=0xa5, completions=0 delivered=0 last_completion_extent=0x0, head=5c 5c 5c 59 5a 5c 5b 5c 5b 5c 5d 5d 5d 5d 5d 5d
[47613.096456] mz0380[0]: stop raw bank0 op0x02 buf[3] @0x0000000c00000000 extent=0x10 (16 bytes), 1/1126 sampled pages touched, poison=0xa5, completions=0 delivered=0 last_completion_extent=0x0, head=5d 5d 5b 5a 5a 5a 5b 5d 5c 5c 5d 5e 5d 5d 5d 5c
[47613.097213] mz0380[0]: stop raw bank1 op0x08 buf[0] @0x0000000d00000000 extent=0x0 (0 bytes), 0/1126 sampled pages touched, poison=0x5a, completions=0 delivered=0 last_completion_extent=0x0, head=5a 5a 5a 5a 5a 5a 5a 5a 5a 5a 5a 5a 5a 5a 5a 5a
[47613.097948] mz0380[0]: stop raw bank1 op0x08 buf[1] @0x0000000e00000000 extent=0x0 (0 bytes), 0/1126 sampled pages touched, poison=0x5a, completions=0 delivered=0 last_completion_extent=0x0, head=5a 5a 5a 5a 5a 5a 5a 5a 5a 5a 5a 5a 5a 5a 5a 5a
[47613.098683] mz0380[0]: stop raw bank1 op0x08 buf[2] @0x0000000f00000000 extent=0x0 (0 bytes), 0/1126 sampled pages touched, poison=0x5a, completions=0 delivered=0 last_completion_extent=0x0, head=5a 5a 5a 5a 5a 5a 5a 5a 5a 5a 5a 5a 5a 5a 5a 5a
[47613.099423] mz0380[0]: stop raw bank1 op0x08 buf[3] @0x0000001000000000 extent=0x0 (0 bytes), 0/1126 sampled pages touched, poison=0x5a, completions=0 delivered=0 last_completion_extent=0x0, head=5a 5a 5a 5a 5a 5a 5a 5a 5a 5a 5a 5a 5a 5a 5a 5a
[47613.099544] mz0380[0]: stop H.264 window1 buf[0] @0x0000000500000000 extent=0x4b38a (308106 bytes), 76/256 sampled pages touched, 15 access unit(s) delivered, head=ba 00 00 00 00 00 00 00 05 00 00 00 01 00 00 00
[47613.099549] mz0380 H.264 header: 00000000: ba 00 00 00 00 00 00 00 05 00 00 00 01 00 00 00
[47613.099550] mz0380 H.264 header: 00000010: ba 00 00 00 00 00 00 00 ff ff ff ff ff ff ff ff
[47613.099551] mz0380 H.264 header: 00000020: ff ff ff ff ef ff ff ff ff ff ff ff ff ff ff ff
[47613.099552] mz0380 H.264 header: 00000030: ff ff ff ff ff ff ff ff ff ff ff ff ff ff ff ff
[47613.099553] mz0380 H.264 header: 00000040: ff ff ff ff ff ff ff ff ff ff ff ff ff ff ff ff
[47613.099554] mz0380 H.264 header: 00000050: ff ff ff ff ff ff ff ff ff ff ff ff ff ff ff ff
[47613.099555] mz0380 H.264 header: 00000060: ff ff ff ff ff ff ff fe ff ff ff ff ff ff ff ff
[47613.099556] mz0380 H.264 header: 00000070: ff ff ff ff ff ff ff ff ff ff ff ff ff ff ff ff
[47613.099557] mz0380 H.264 +0x1000: 00000000: 00 00 00 01 21 e2 80 05 03 00 0d d3 30 a8 d7 3b
[47613.099559] mz0380 H.264 +0x1000: 00000010: 00 0e 4a fd c0 d0 00 00 03 00 00 03 00 00 03 00
[47613.099560] mz0380 H.264 +0x1000: 00000020: 6b f4 b3 a4 14 47 53 68 f7 1d a1 6e 56 59 90 bb
[47613.099561] mz0380 H.264 +0x1000: 00000030: e3 96 ff e5 37 fc a0 00 01 97 0c e7 5b 58 96 00
[47613.099562] mz0380 H.264 +0x1000: 00000040: 00 03 00 00 03 00 00 f5 65 20 36 95 60 01 eb 03
[47613.099563] mz0380 H.264 +0x1000: 00000050: 69 b7 f5 10 53 88 b3 5c 69 04 92 6e 9f bd c7 b1
[47613.099564] mz0380 H.264 +0x1000: 00000060: 9c 27 05 c1 a5 75 57 f8 fa 4d e8 f1 14 ed aa 4f
[47613.099565] mz0380 H.264 +0x1000: 00000070: 8d a8 ae 0a 6c 1a a2 f9 68 20 42 b4 b6 55 a8 17
[47613.099715] mz0380[0]: stop H.264 window1 buf[1] @0x0000000600000000 extent=0x853e (34110 bytes), 9/256 sampled pages touched, 15 access unit(s) delivered, head=1a 0f 00 00 00 00 00 00 02 00 00 00 02 00 00 00
[47613.099719] mz0380 H.264 header: 00000000: 1a 0f 00 00 00 00 00 00 02 00 00 00 02 00 00 00
[47613.099721] mz0380 H.264 header: 00000010: 1a 0f 00 00 00 00 00 00 ff ff ff ff ff ff ff ff
[47613.099722] mz0380 H.264 header: 00000020: ff ff ff ff ef ff ff ff ff ff ff ff ff ff ff ff
[47613.099722] mz0380 H.264 header: 00000030: ff ff ff ff ff ff ff ff ff ff ff ff ff ff ff ff
[47613.099724] mz0380 H.264 header: 00000040: ff ff ff ff ff ff ff ff ff ff ff ff ff ff ff ff
[47613.099725] mz0380 H.264 header: 00000050: ff ff ff ff ff ff ff ff ff ff ff ff ff ff ff ff
[47613.099726] mz0380 H.264 header: 00000060: ff ff ff ff ff ff ff fe ff ff ff ff ff ff ff ff
[47613.099727] mz0380 H.264 header: 00000070: ff ff ff ff ff ff ff ff ff ff ff ff ff ff ff ff
[47613.099728] mz0380 H.264 +0x1000: 00000000: 00 00 00 01 21 e2 20 04 43 02 78 a0 2b e3 25 bd
[47613.099729] mz0380 H.264 +0x1000: 00000010: fe 52 c4 4a 18 b5 c6 ec bb ea f6 8b c1 b0 76 38
[47613.099730] mz0380 H.264 +0x1000: 00000020: 96 6a 3c f5 6e 2f 7c e7 3e bd 81 68 4c 72 93 1c
[47613.099731] mz0380 H.264 +0x1000: 00000030: 21 ce f3 9c 36 5e 0a 05 7b b8 07 2b bd 1f 6b 8a
[47613.099732] mz0380 H.264 +0x1000: 00000040: 18 21 09 e6 68 6d ea 18 ad be c4 f5 60 35 9f ed
[47613.099733] mz0380 H.264 +0x1000: 00000050: 55 51 51 ce 48 9e a6 9b c7 f8 b0 91 df 40 37 fd
[47613.099734] mz0380 H.264 +0x1000: 00000060: 15 7a 1a b0 53 c7 0e 81 05 7a 80 4c 56 90 e4 0e
[47613.099734] mz0380 H.264 +0x1000: 00000070: 67 3e b2 5d 7e 53 7e 13 25 83 50 23 ce 21 d8 a9
[47613.099898] mz0380[0]: stop H.264 window1 buf[2] @0x0000000700000000 extent=0x1284 (4740 bytes), 2/256 sampled pages touched, 15 access unit(s) delivered, head=88 00 00 00 00 00 00 00 03 00 00 00 03 00 00 00
[47613.099901] mz0380 H.264 header: 00000000: 88 00 00 00 00 00 00 00 03 00 00 00 03 00 00 00
[47613.099903] mz0380 H.264 header: 00000010: 88 00 00 00 00 00 00 00 ff ff ff ff ff ff ff ff
[47613.099904] mz0380 H.264 header: 00000020: ff ff ff ff ef ff ff ff ff ff ff ff ff ff ff ff
[47613.099905] mz0380 H.264 header: 00000030: ff ff ff ff ff ff ff ff ff ff ff ff ff ff ff ff
[47613.099906] mz0380 H.264 header: 00000040: ff ff ff ff ff ff ff ff ff ff ff ff ff ff ff ff
[47613.099907] mz0380 H.264 header: 00000050: ff ff ff ff ff ff ff ff ff ff ff ff ff ff ff ff
[47613.099908] mz0380 H.264 header: 00000060: ff ff ff ff ff ff ff fe ff ff ff ff ff ff ff ff
[47613.099909] mz0380 H.264 header: 00000070: ff ff ff ff ff ff ff ff ff ff ff ff ff ff ff ff
[47613.099910] mz0380 H.264 +0x1000: 00000000: 00 00 00 01 21 e2 40 04 83 00 00 8f 6a 3f e0 ec
[47613.099911] mz0380 H.264 +0x1000: 00000010: 04 06 4e fd e8 00 00 03 00 00 03 00 00 03 00 00
[47613.099912] mz0380 H.264 +0x1000: 00000020: 03 00 00 03 00 00 03 00 00 17 51 1e 54 d0 00 00
[47613.099913] mz0380 H.264 +0x1000: 00000030: 03 00 00 03 00 00 03 00 00 7c 0f 06 16 c4 ae 5d
[47613.099914] mz0380 H.264 +0x1000: 00000040: f8 5f ce 70 a5 79 54 9e 68 45 97 fb 93 fc 1e f0
[47613.099915] mz0380 H.264 +0x1000: 00000050: 1d ff 5c 3c ce f3 00 27 3a 75 2c db 20 77 0e a7
[47613.099916] mz0380 H.264 +0x1000: 00000060: c6 87 dc 0f b7 95 8e 6e 57 97 42 f0 5f 1a 8a 0c
[47613.099917] mz0380 H.264 +0x1000: 00000070: 8c 08 80 df ce ba 1f 04 03 c1 fc ba 48 17 11 bd
[47613.100085] mz0380[0]: stop H.264 window1 buf[3] @0x0000000800000000 extent=0x67ce (26574 bytes), 7/256 sampled pages touched, 15 access unit(s) delivered, head=49 1d 00 00 00 00 00 00 04 00 00 00 04 00 00 00
[47613.100089] mz0380 H.264 header: 00000000: 49 1d 00 00 00 00 00 00 04 00 00 00 04 00 00 00
[47613.100090] mz0380 H.264 header: 00000010: 49 1d 00 00 00 00 00 00 ff ff ff ff ff ff ff ff
[47613.100091] mz0380 H.264 header: 00000020: ff ff ff ff ef ff ff ff ff ff ff ff ff ff ff ff
[47613.100092] mz0380 H.264 header: 00000030: ff ff ff ff ff ff ff ff ff ff ff ff ff ff ff ff
[47613.100093] mz0380 H.264 header: 00000040: ff ff ff ff ff ff ff ff ff ff ff ff ff ff ff ff
[47613.100094] mz0380 H.264 header: 00000050: ff ff ff ff ff ff ff ff ff ff ff ff ff ff ff ff
[47613.100095] mz0380 H.264 header: 00000060: ff ff ff ff ff ff ff fe ff ff ff ff ff ff ff ff
[47613.100096] mz0380 H.264 header: 00000070: ff ff ff ff ff ff ff ff ff ff ff ff ff ff ff ff
[47613.100097] mz0380 H.264 +0x1000: 00000000: 00 00 00 01 21 e2 60 04 c3 00 15 f1 70 6b 6c 7f
[47613.100099] mz0380 H.264 +0x1000: 00000010: 95 84 ea 9b 13 41 e7 22 64 dc a7 8b f4 29 1c ec
[47613.100100] mz0380 H.264 +0x1000: 00000020: bd 28 a6 6b 7d 07 13 f3 9c 7b cb 02 f0 49 7a a9
[47613.100101] mz0380 H.264 +0x1000: 00000030: b3 2c d9 ab c8 4d 1f f2 19 d5 01 8c 91 6d 4c b7
[47613.100102] mz0380 H.264 +0x1000: 00000040: 86 95 4b 53 59 5f 90 af 9a 6a 7f 05 89 ea cf a9
[47613.100103] mz0380 H.264 +0x1000: 00000050: 9f 43 62 72 ff e5 9d bb e7 04 11 3b 73 fe ca 77
[47613.100104] mz0380 H.264 +0x1000: 00000060: de 40 a2 d3 7a e8 01 86 84 3e 91 4a 2b f6 7e 81
[47613.100105] mz0380 H.264 +0x1000: 00000070: 7d 63 b6 d6 a9 e2 40 bc bb fc 21 60 88 77 4b 4e
[47613.100114] mz0380[0]: H.264 V4L2 totals: 60 delivered, 0 dropped for lack of a userspace buffer
[47613.102034] mz0380 driver unloaded
